 Rank  Name        Time        Score       Lines  Level 
────────────────────────────────────────────────────────




















escape exit • ? help