 Rank  Name        Time        Score       Lines  Level 
────────────────────────────────────────────────────────
 1     user-2      4s          200         2      4     
 2     user-1      2s          100         1      3     
 3     user-0      0s          0           0      2     
                                                        
                                                        
                                                        
                                                        
                                                        
                                                        
                                                        
                                                        
                                                        
                                                        
                                                        
                                                        
                                                        
                                                        
                                                        
                                                        
                                                        
escape exit • ? help