 Rank  Name        Time        Score       Lines  Level 
────────────────────────────────────────────────────────
 1     user-49     1m38s       4900        49     51    
 2     user-48     1m36s       4800        48     50    
 3     user-47     1m34s       4700        47     49    
 4     user-46     1m32s       4600        46     48    
 5     user-45     1m30s       4500        45     47    
 6     user-44     1m28s       4400        44     46    
 7     user-43     1m26s       4300        43     45    
 8     user-42     1m24s       4200        42     44    
 9     user-41     1m22s       4100        41     43    
 10    user-40     1m20s       4000        40     42    
 11    user-39     1m18s       3900        39     41    
 12    user-38     1m16s       3800        38     40    
 13    user-37     1m14s       3700        37     39    
 14    user-36     1m12s       3600        36     38    
 15    user-35     1m10s       3500        35     37    
 16    user-34     1m8s        3400        34     36    
 17    user-33     1m6s        3300        33     35    
 18    user-32     1m4s        3200        32     34    
 19    user-31     1m2s        3100        31     33    
 20    user-30     1m0s        3000        30     32    
escape exit • ? help