  ╭──────────╭────────────────────╮                   
  │ Hold:    │▕ ▕ ▕ ▕ ░░░░▕ ▕ ▕ ▕ │ 1  Next:          
  │          │▕ ▕ ▕ ██░░░░▕ ▕ ▕ ▕ │ 2                 
  │          │▕ ▕ ▕ ██████▕ ▕ ▕ ▕ │ 3                 
  │          │▕ ▕ ▕ ▕ ████▕ ▕ ▕ ▕ │ 4                 
  │          │▕ ▕ ▕ ████▕ ▕ ▕ ▕ ▕ │ 5                 
                                                      
  G______                        ____                 
Sc/ ____/___ _____ ___  ___     / __ \_   _____  _____
 / / __/ __ ^/ __ ^__ \/ _ \   / / / / | / / _ \/ ___/
/ /_/ / /_/ / / / / / /  __/  / /_/ /| |/ /  __/ /    
\____/\__,_/_/ /_/ /_/\___/   \____/ |___/\___/_/     
                                                      
			Press EXIT or HOLD to continue. ▕ │ 13                
                                                      
             │▕ ▕ ▕ ▕ ████▕ ▕ ▕ ▕ │ 15                
             │▕ ▕ ▕ ▕ ██▕ ▕ ▕ ▕ ▕ │ 16                
             │▕ ▕ ▕ ██████▕ ▕ ▕ ▕ │ 17                
             │▕ ▕ ▕ ████████▕ ▕ ▕ │ 18                
             │▕ ▕ ▕ ▕ ▕ ██▕ ▕ ▕ ▕ │ 19                
             │▕ ▕ ▕ ██████▕ ▕ ▕ ▕ │ 20                
             ╰────────────────────╯                   
esc exit • ? help                                     