  ╭──────────╭────────────────────╮         
  │ Hold:    │▕ ▕ ▕ ██████▕ ▕ ▕ ▕ │ 1  Next:
  │          │▕ ▕ ▕ ▕ ▕ ▕ ▕ ▕ ▕ ▕ │ 2       
  │          │▕ ▕ ▕ ▕ ▕ ▕ ▕ ▕ ▕ ▕ │ 3       
  │          │▕ ▕ ▕ ▕ ▕ ▕ ▕ ▕ ▕ ▕ │ 4       
  │          │▕ ▕ ▕ ▕ ▕ ▕ ▕ ▕ ▕ ▕ │ 5       
  ╰──────────│▕ ▕ ▕ ▕ ▕ ▕ ▕ ▕ ▕ ▕ │ 6       
   PAUSED    │▕ ▕ ▕ ▕ ▕ ▕ ▕ ▕ ▕ ▕ │ 7       
Sc	____                            __8       
     / __ \____ ___  __________  ____/ /    
Time/ /_/ / __ ^/ / / / ___/ _ \/ __  /     
   / ____/ /_/ / /_/ (__  )  __/ /_/ /      
Li/_/    \__,_/\__,_/____/\___/\__,_/2      
LePress PAUSE to continue or HOLD to exit.  
             │▕ ▕ ▕ ▕ ▕ ▕ ▕ ▕ ▕ ▕ │ 14      
             │▕ ▕ ▕ ▕ ▕ ▕ ▕ ▕ ▕ ▕ │ 15      
             │▕ ▕ ▕ ▕ ▕ ▕ ▕ ▕ ▕ ▕ │ 16      
             │▕ ▕ ▕ ▕ ▕ ▕ ▕ ▕ ▕ ▕ │ 17      
             │▕ ▕ ▕ ▕ ▕ ▕ ▕ ▕ ▕ ▕ │ 18      
             │▕ ▕ ▕ ▕ ▕ ░░▕ ▕ ▕ ▕ │ 19      
             │▕ ▕ ▕ ░░░░░░▕ ▕ ▕ ▕ │ 20      
             ╰────────────────────╯         
esc exit • ? help                           