                                                                                
                       ______________________  ______________                   
                      /_  __/ ____/_  __/ __ \/  _/ ____/ __ \                  
                       / / / __/   / / / /_/ // // / __/ / / /                  
                      / / / /___  / / / _, _// // /_/ / /_/ /                   
                     /_/ /_____/ /_/ /_/ |_/___/\____/\____/                    
                                                                                
                                                                                
  Username:                                                                     
  > testuser                                                                    
                                                                                
  Game Mode:                                                                    
    Marathon                                                                    
  > Sprint (40 Lines)                                                           
    Ultra (Time Trial)                                                          
                                                                                
┃ Starting Level:                                                               
┃   1                                                                           
┃   2                                                                           
┃   3                                                                           
┃ > 4                                                                           
┃   5                                                                           
┃   6                                                                           
┃   7                                                                           
┃   8                                                                           
┃   9                                                                           
┃   10                                                                          
┃   11                                                                          
┃   12                                                                          
┃   13                                                                          
┃   14                                                                          
┃   15                                                                          
                                                                                
            ↑ up • ↓ down • / filter • shift+tab back • enter submit            