[?25l[?2004h Rank  Name        Time        Score       Lines  Level 
â”€â”€â”€â”€â”€â”€â”€â”€â”€â”€â”€â”€â”€â”€â”€â”€â”€â”€â”€â”€â”€â”€â”€â”€â”€â”€â”€â”€â”€â”€â”€â”€â”€â”€â”€â”€â”€â”€â”€â”€â”€â”€â”€â”€â”€â”€â”€â”€â”€â”€â”€â”€â”€â”€â”€â”€
 12    testuser-â€¦  1m16s       3800        38     40    
 13    testuser-â€¦  1m14s       3700        37     39    
 14    testuser-â€¦  1m12s       3600        36     38    
 15    testuser-â€¦  1m10s       3500        35     37    
 16    testuser-â€¦  1m8s        3400        34     36    
 17    testuser-â€¦  1m6s        3300        33     35    
 18    testuser-â€¦  1m4s        3200        32     34    
 19    testuser-â€¦  1m2s        3100        31     33    
 20    testuser-â€¦  1m0s        3000        30     32    
 21    testuser-â€¦  58s         2900        29     31    
 22    testuser-â€¦  56s         2800        28     30    
 23    testuser-â€¦  54s         2700        27     29    
 24    testuser-â€¦  52s         2600        26     28    
 25    testuser-â€¦  50s         2500        25     27    
 26    testuser-â€¦  48s         2400        24     26    
 27    testuser-â€¦  46s         2300        23     25    
 28    testuser-â€¦  44s         2200        22     24    
 29    testuser-â€¦  42s         2100        21     23    
 30    testuser-â€¦  1m0s        2001        2      3     
 31    testuser-â€¦  40s         2000        20     22    
escape exit â€¢ ? help[D[2K[?2004l[?25h[?1002l[?1003l[?1006l