[?25l[?2004h Rank  Name        Time        Score       Lines  Level 
â”€â”€â”€â”€â”€â”€â”€â”€â”€â”€â”€â”€â”€â”€â”€â”€â”€â”€â”€â”€â”€â”€â”€â”€â”€â”€â”€â”€â”€â”€â”€â”€â”€â”€â”€â”€â”€â”€â”€â”€â”€â”€â”€â”€â”€â”€â”€â”€â”€â”€â”€â”€â”€â”€â”€â”€
 1     testuser-2  4s          200         2      4     
 2     testuser-1  2s          100         1      3     
 3     testuser-0  0s          0           0      2     
                                                        
                                                        
                                                        
                                                        
                                                        
                                                        
                                                        
                                                        
                                                        
                                                        
                                                        
                                                        
                                                        
                                                        
                                                        
                                                        
                                                        
escape exit â€¢ ? help[D[2K[?2004l[?25h[?1002l[?1003l[?1006l